PInsight: Launched analysis script '/home/yyan7/tools/pinsight/eva/LULESH/cyclic_analyze.sh' (pid 1433151)
PInsight: Application paused for introspection
PInsight: INTROSPECT woken by SIGUSR1, resuming
PInsight: Application resumed
PInsight: Cyclic INTROSPECT: cycle 1 complete, latches reset for next cycle
PInsight: Control thread reloading config
PInsight: Launched analysis script '/home/yyan7/tools/pinsight/eva/LULESH/cyclic_analyze.sh' (pid 1433173)
PInsight: Application paused for introspection
PInsight: INTROSPECT woken by SIGUSR1, resuming
PInsight: Application resumed
PInsight: Cyclic INTROSPECT: cycle 2 complete, latches reset for next cycle
PInsight: Control thread reloading config
PInsight: Launched analysis script '/home/yyan7/tools/pinsight/eva/LULESH/cyclic_analyze.sh' (pid 1433208)
PInsight: Application paused for introspection
PInsight: INTROSPECT woken by SIGUSR1, resuming
PInsight: Application resumed
PInsight: Cyclic INTROSPECT: cycle 3 complete, latches reset for next cycle
PInsight: Control thread reloading config
PInsight: Launched analysis script '/home/yyan7/tools/pinsight/eva/LULESH/cyclic_analyze.sh' (pid 1433274)
PInsight: Application paused for introspection
PInsight: INTROSPECT woken by SIGUSR1, resuming
PInsight: Application resumed
PInsight: Cyclic INTROSPECT: cycle 4 complete, latches reset for next cycle
PInsight: Control thread reloading config
PInsight: Launched analysis script '/home/yyan7/tools/pinsight/eva/LULESH/cyclic_analyze.sh' (pid 1433297)
PInsight: Application paused for introspection
